// Vitest Snapshot v1, https://vitest.dev/guide/snapshot.html

exports[`should match ArrowDownwardIcon snapshot 1`] = `
<DocumentFragment>
  <svg
    aria-hidden="true"
    class=MuiSvgIcon-root MuiSvgIcon-fontSizeMedium css-dynamic-MuiSvgIcon-root
    data-testid="ExpandMoreIcon"
    focusable="false"
    viewBox="0 0 24 24"
  >
    <path
      d="M16.59 8.59 12 13.17 7.41 8.59 6 10l6 6 6-6z"
    />
  </svg>
</DocumentFragment>
`;
